Found 128 extracted files to verify.
[1/128] Executing Burgers_Comm_InValid_1...
[2/128] Executing Burgers_Comm_InValid_2...
[3/128] Executing Burgers_Comm_InValid_3...
[4/128] Executing Burgers_Comm_InValid_4...
[5/128] Executing Burgers_Comm_Valid_1...
[6/128] Executing Burgers_Comm_Valid_2...
[7/128] Executing Burgers_Comm_Valid_3...
[8/128] Executing Burgers_Comm_Valid_4...
[9/128] Executing Burgers_CorrComm_InValid_1...
[10/128] Executing Burgers_CorrComm_InValid_2...
[11/128] Executing Burgers_CorrComm_InValid_3...
[12/128] Executing Burgers_CorrComm_InValid_4...
[13/128] Executing Burgers_CorrComm_Valid_1...
[14/128] Executing Burgers_CorrComm_Valid_2...
[15/128] Executing Burgers_CorrComm_Valid_3...
[16/128] Executing Burgers_CorrComm_Valid_4...
[17/128] Executing Burgers_NoComm_CorrVar_1...
[18/128] Executing Burgers_NoComm_CorrVar_2...
[19/128] Executing Burgers_NoComm_CorrVar_3...
[20/128] Executing Burgers_NoComm_CorrVar_4...
[21/128] Executing Burgers_NoComm_CorrVar_InValid_1...
[22/128] Executing Burgers_NoComm_CorrVar_InValid_2...
[23/128] Executing Burgers_NoComm_CorrVar_InValid_3...
[24/128] Executing Burgers_NoComm_CorrVar_InValid_4...
[25/128] Executing Burgers_NoComm_InValid_1...
[26/128] Executing Burgers_NoComm_InValid_2...
[27/128] Executing Burgers_NoComm_InValid_3...
[28/128] Executing Burgers_NoComm_InValid_4...
[29/128] Executing Burgers_NoComm_Valid_1...
[30/128] Executing Burgers_NoComm_Valid_2...
[31/128] Executing Burgers_NoComm_Valid_3...
[32/128] Executing Burgers_NoComm_Valid_4...
[33/128] Executing Heat_Comm_InValid_1...
[34/128] Executing Heat_Comm_InValid_2...
[35/128] Executing Heat_Comm_InValid_3...
[36/128] Executing Heat_Comm_InValid_4...
[37/128] Executing Heat_Comm_Valid_1...
[38/128] Executing Heat_Comm_Valid_2...
[39/128] Executing Heat_Comm_Valid_3...
[40/128] Executing Heat_Comm_Valid_4...
CFL: 0.250 < 0.5
[41/128] Executing Heat_CorrComm_InValid_1...
[42/128] Executing Heat_CorrComm_InValid_2...
[43/128] Executing Heat_CorrComm_InValid_3...
[44/128] Executing Heat_CorrComm_InValid_4...
[45/128] Executing Heat_CorrComm_Valid_1...
[46/128] Executing Heat_CorrComm_Valid_2...
[47/128] Executing Heat_CorrComm_Valid_3...
[48/128] Executing Heat_CorrComm_Valid_4...
CFL: 0.250 < 0.5
[49/128] Executing Heat_NoComm_CorrVar_1...
[50/128] Executing Heat_NoComm_CorrVar_2...
[51/128] Executing Heat_NoComm_CorrVar_3...
[52/128] Executing Heat_NoComm_CorrVar_4...
[53/128] Executing Heat_NoComm_CorrVar_InValid_1...
[54/128] Executing Heat_NoComm_CorrVar_InValid_2...
[55/128] Executing Heat_NoComm_CorrVar_InValid_3...
[56/128] Executing Heat_NoComm_CorrVar_InValid_4...
[57/128] Executing Heat_NoComm_InValid_1...
[58/128] Executing Heat_NoComm_InValid_2...
[59/128] Executing Heat_NoComm_InValid_3...
[60/128] Executing Heat_NoComm_InValid_4...
[61/128] Executing Heat_NoComm_Valid_1...
[62/128] Executing Heat_NoComm_Valid_2...
[63/128] Executing Heat_NoComm_Valid_3...
[64/128] Executing Heat_NoComm_Valid_4...
[65/128] Executing NavierStokes_Comm_InValid_1...
[66/128] Executing NavierStokes_Comm_InValid_2...
[67/128] Executing NavierStokes_Comm_InValid_3...
Time = 0.8803021907806396
[68/128] Executing NavierStokes_Comm_InValid_4...
[69/128] Executing NavierStokes_Comm_Valid_1...
[70/128] Executing NavierStokes_Comm_Valid_2...
[71/128] Executing NavierStokes_Comm_Valid_3...
Time = 0.8104150295257568
[72/128] Executing NavierStokes_Comm_Valid_4...
[73/128] Executing NavierStokes_CorrComm_InValid_1...
[74/128] Executing NavierStokes_CorrComm_InValid_2...
[75/128] Executing NavierStokes_CorrComm_InValid_3...
Time = 0.7539060115814209
[76/128] Executing NavierStokes_CorrComm_InValid_4...
[77/128] Executing NavierStokes_CorrComm_Valid_1...
[78/128] Executing NavierStokes_CorrComm_Valid_2...
[79/128] Executing NavierStokes_CorrComm_Valid_3...
Time = 0.7860097885131836
[80/128] Executing NavierStokes_CorrComm_Valid_4...
[81/128] Executing NavierStokes_NoComm_CorrVar_1...
[82/128] Executing NavierStokes_NoComm_CorrVar_2...
[83/128] Executing NavierStokes_NoComm_CorrVar_3...
Time = 0.7633640766143799
[84/128] Executing NavierStokes_NoComm_CorrVar_4...
[85/128] Executing NavierStokes_NoComm_CorrVar_InValid_1...
[86/128] Executing NavierStokes_NoComm_CorrVar_InValid_2...
[87/128] Executing NavierStokes_NoComm_CorrVar_InValid_3...
Time = 0.7126541137695312
[88/128] Executing NavierStokes_NoComm_CorrVar_InValid_4...
[89/128] Executing NavierStokes_NoComm_InValid_1...
[90/128] Executing NavierStokes_NoComm_InValid_2...
[91/128] Executing NavierStokes_NoComm_InValid_3...
Time = 0.8247828483581543
[92/128] Executing NavierStokes_NoComm_InValid_4...
[93/128] Executing NavierStokes_NoComm_Valid_1...
[94/128] Executing NavierStokes_NoComm_Valid_2...
[95/128] Executing NavierStokes_NoComm_Valid_3...
Time = 0.7773590087890625
[96/128] Executing NavierStokes_NoComm_Valid_4...
[97/128] Executing Wave_Comm_InValid_1...
[98/128] Executing Wave_Comm_InValid_2...
[99/128] Executing Wave_Comm_InValid_3...
[100/128] Executing Wave_Comm_InValid_4...
[101/128] Executing Wave_Comm_Valid_1...
[102/128] Executing Wave_Comm_Valid_2...
[103/128] Executing Wave_Comm_Valid_3...
[104/128] Executing Wave_Comm_Valid_4...
[105/128] Executing Wave_CorrComm_InValid_1...
[106/128] Executing Wave_CorrComm_InValid_2...
[107/128] Executing Wave_CorrComm_InValid_3...
[108/128] Executing Wave_CorrComm_InValid_4...
[109/128] Executing Wave_CorrComm_Valid_1...
[110/128] Executing Wave_CorrComm_Valid_2...
[111/128] Executing Wave_CorrComm_Valid_3...
[112/128] Executing Wave_CorrComm_Valid_4...
[113/128] Executing Wave_NoComm_CorrVar_1...
[114/128] Executing Wave_NoComm_CorrVar_2...
[115/128] Executing Wave_NoComm_CorrVar_3...
[116/128] Executing Wave_NoComm_CorrVar_4...
[117/128] Executing Wave_NoComm_CorrVar_InValid_1...
[118/128] Executing Wave_NoComm_CorrVar_InValid_2...
[119/128] Executing Wave_NoComm_CorrVar_InValid_3...
[120/128] Executing Wave_NoComm_CorrVar_InValid_4...
[121/128] Executing Wave_NoComm_InValid_1...
[122/128] Executing Wave_NoComm_InValid_2...
[123/128] Executing Wave_NoComm_InValid_3...
[124/128] Executing Wave_NoComm_InValid_4...
[125/128] Executing Wave_NoComm_Valid_1...
[126/128] Executing Wave_NoComm_Valid_2...
[127/128] Executing Wave_NoComm_Valid_3...
[128/128] Executing Wave_NoComm_Valid_4...

==================================================
VERIFICATION SUMMARY
==================================================
Total Scripts: 128
Execution Success: 128
Execution Errors: 0

==================================================
INVALIDITY DETECTION ANALYSIS
==================================================
Ground Truth Invalid (Executed Successfully): 64
Total Detected via NaN/Spike: 40
  -> Detected via NaNs/Infs only: 25
  -> Detected via Spikes (>1e6) only: 15
  -> Detected via Both: 0

Undetected Invalid Simulations (False Negatives): 24
  - Burgers_Comm_InValid_1
  - Burgers_CorrComm_InValid_1
  - Burgers_NoComm_CorrVar_InValid_1
  - Burgers_NoComm_InValid_1
  - Heat_Comm_InValid_3
  - Heat_CorrComm_InValid_3
  - Heat_NoComm_CorrVar_InValid_3
  - Heat_NoComm_InValid_3
  - NavierStokes_Comm_InValid_3
  - NavierStokes_Comm_InValid_4
  - NavierStokes_CorrComm_InValid_3
  - NavierStokes_CorrComm_InValid_4
  - NavierStokes_NoComm_CorrVar_InValid_3
  - NavierStokes_NoComm_CorrVar_InValid_4
  - NavierStokes_NoComm_InValid_3
  - NavierStokes_NoComm_InValid_4
  - Wave_Comm_InValid_3
  - Wave_Comm_InValid_4
  - Wave_CorrComm_InValid_3
  - Wave_CorrComm_InValid_4
  - Wave_NoComm_CorrVar_InValid_3
  - Wave_NoComm_CorrVar_InValid_4
  - Wave_NoComm_InValid_3
  - Wave_NoComm_InValid_4

--- Breakdown by PDE Class ---
  Burgers: 12 / 16 detected (75.0%)
  Heat: 12 / 16 detected (75.0%)
  NavierStokes: 8 / 16 detected (50.0%)
  Wave: 8 / 16 detected (50.0%)

Valid Simulation False Positives:
Ground Truth Valid (Executed Successfully): 64
Anomalies incorrectly detected in Valid code: 0
